// Jest Snapshot v1, https://goo.gl/fbAQLP

exports[`Login should render correctly 1`] = `
<div
  className="login"
>
  <div
    className="login__sect"
  >
    <h1
      className="login__title"
    >
      Krello Login Form
    </h1>
    <Connect(ReduxForm) />
  </div>
</div>
`;
