// Jest Snapshot v1, https://goo.gl/fbAQLP

exports[`ReduxInputField should render correctly 1`] = `
<div
  className="form__group "
>
  <label
    htmlFor=""
  />
  <input
    className="form-control"
    placeholder=""
    type=""
  />
</div>
`;
